// Jest Snapshot v1, https://goo.gl/fbAQLP

exports[`BaseButton.vue Matches snapshot (size: huge) 1`] = `<button class="button button--huge"></button>`;
