// Jest Snapshot v1, https://goo.gl/fbAQLP

exports[`BaseInput.vue Matches snapshot (size: small) 1`] = `<input type="text" class="base-input base-input--small">`;
